src/app/api/tickets/[ticketId]/assign/route.ts(149,25): error TS7053: Element implicitly has an 'any' type because expression of type 'any' can't be used to index type '{ high: string; medium: string; low: string; }'.
